[18:23:20.908] [INFO ] [EmulatorCore] Display resize requested: 320x240
[18:23:20.923] [INFO ] [EmulatorCore] VXP queued: D:\MRE\VXPEngine\examples\EmberChronicleDemo\build-arm\main\ember_chronicle.vxp
[18:23:20.923] [INFO ] [EmulatorCore] worker: Memory::init
[18:23:20.923] [INFO ] [EmulatorCore] worker: Cpu::init
[18:23:20.926] [INFO ] [EmulatorCore] worker: Bridge::init
[18:23:20.927] [INFO ] [EmulatorCore] worker: SIM/System/CharSet/Audio/IO init
[18:23:20.929] [INFO ] [EmulatorCore] worker: AppManager new
[18:23:20.929] [INFO ] [EmulatorCore] worker: init done
[18:23:20.929] [INFO ] [EmulatorCore] worker: queueing VXP for launch
[18:23:20.929] [INFO ] [EmulatorCore] worker: VXP queued
[18:25:19.309] [INFO ] [EmulatorCore] Display resize requested: 320x240
[18:25:19.310] [INFO ] [EmulatorCore] VXP queued: D:\MRE\VXPEngine\examples\EmberChronicleDemo\build-arm\main\ember_chronicle.vxp
[18:25:19.310] [INFO ] [EmulatorCore] worker: Memory::init
[18:25:19.310] [INFO ] [EmulatorCore] worker: Cpu::init
[18:25:19.313] [INFO ] [EmulatorCore] worker: Bridge::init
[18:25:19.313] [INFO ] [EmulatorCore] worker: SIM/System/CharSet/Audio/IO init
[18:25:19.315] [INFO ] [EmulatorCore] worker: AppManager new
[18:25:19.315] [INFO ] [EmulatorCore] worker: init done
[18:25:19.315] [INFO ] [EmulatorCore] worker: queueing VXP for launch
[18:25:19.315] [INFO ] [EmulatorCore] worker: VXP queued
[18:27:21.499] [INFO ] [EmulatorCore] Display resize requested: 320x240
[18:27:21.499] [INFO ] [EmulatorCore] VXP queued: D:\MRE\VXPEngine\examples\EmberChronicleDemo\build-arm\main\ember_chronicle.vxp
[18:27:21.499] [INFO ] [EmulatorCore] worker: Memory::init
[18:27:21.500] [INFO ] [EmulatorCore] worker: Cpu::init
[18:27:21.502] [INFO ] [EmulatorCore] worker: Bridge::init
[18:27:21.503] [INFO ] [EmulatorCore] worker: SIM/System/CharSet/Audio/IO init
[18:27:21.505] [INFO ] [EmulatorCore] worker: AppManager new
[18:27:21.505] [INFO ] [EmulatorCore] worker: init done
[18:27:21.505] [INFO ] [EmulatorCore] worker: queueing VXP for launch
[18:27:21.505] [INFO ] [EmulatorCore] worker: VXP queued
